============================= test session starts ==============================
platform darwin -- Python 3.14.2, pytest-9.0.2, pluggy-1.6.0
rootdir: /Users/artur.wojcicki/test-automation-practice
configfile: pyproject.toml
plugins: playwright-0.7.2, xdist-3.8.0, Faker-40.8.0, metadata-3.1.1, html-4.2.0, base-url-2.1.0, bdd-8.1.0, rerunfailures-16.1
collected 1 item

tests/test_cart_checkout.py 